{
  "alignment": "results/aligned.fasta",
  "clock": {
    "intercept": -1.7286654437475901,
    "rate": 0.0008585137411873048,
    "rtt_Tmrca": 2013.5559407085152
  },
  "generated_by": {
    "program": "augur",
    "version": "7.0.2"
  },
  "input_tree": "results/tree_raw.nwk",
  "nodes": {
    "BRA/2016/FC_6706": {
      "branch_length": 0.001996935750795345,
      "clock_length": 0.001996935750795345,
      "date": "2016-04-08",
      "mutation_length": 0.0011176323246442012,
      "num_date_confidence": [
        2016.26912568306,
        2016.26912568306
      ],
      "numdate": 2016.26912568306,
      "raw_date": "2016-04-08"
    },
    "COL/FLR_00008/2015": {
      "branch_length": 0.0004851711248535068,
      "clock_length": 0.0004851711248535068,
      "date": "2015-12-31",
      "mutation_length": 0.00046476994695403024,
      "num_date_confidence": [
        2015.9248596236514,
        2015.9986301369863
      ],
      "numdate": 2015.9986301369863,
      "raw_date": "2015-12-XX"
    },
    "Colombia/2016/ZC204Se": {
      "branch_length": 0.001282916643215983,
      "clock_length": 0.001282916643215983,
      "date": "2016-01-06",
      "mutation_length": 0.0004648148420546285,
      "num_date_confidence": [
        2016.0150273224044,
        2016.0150273224044
      ],
      "numdate": 2016.0150273224044,
      "raw_date": "2016-01-06"
    },
    "DOM/2016/BB_0183": {
      "branch_length": 0.0017002418834542723,
      "clock_length": 0.0017002418834542723,
      "date": "2016-04-18",
      "mutation_length": 0.0022342915210993544,
      "num_date_confidence": [
        2016.2964480874316,
        2016.2964480874316
      ],
      "numdate": 2016.2964480874316,
      "raw_date": "2016-04-18"
    },
    "EcEs062_16": {
      "branch_length": 0.0016895268437147584,
      "clock_length": 0.0016895268437147584,
      "date": "2016-04-13",
      "mutation_length": 0.0016748890180110045,
      "num_date_confidence": [
        2016.25,
        2016.3292349726776
      ],
      "numdate": 2016.2839671692757,
      "raw_date": "2016-04-XX"
    },
    "HND/2016/HU_ME59": {
      "branch_length": 0.001789992097643404,
      "clock_length": 0.001789992097643404,
      "date": "2016-05-13",
      "mutation_length": 0.0012098050816564457,
      "num_date_confidence": [
        2016.3647540983607,
        2016.3647540983607
      ],
      "numdate": 2016.3647540983607,
      "raw_date": "2016-05-13"
    },
    "NODE_0000001": {
      "branch_length": 0.0008926272636865093,
      "clock_length": 0.0008926272636865093,
      "date": "2014-07-10",
      "mutation_length": 0.0003716616025418512,
      "num_date_confidence": [
        2003.739310276986,
        2015.9172123441615
      ],
      "numdate": 2014.520681243049
    },
    "NODE_0000002": {
      "branch_length": 0.00020364881891299803,
      "clock_length": 0.00020364881891299803,
      "date": "2014-04-26",
      "mutation_length": 0.00018580801362405114,
      "num_date_confidence": [
        1998.103763608623,
        2016.2964480874316
      ],
      "numdate": 2014.316000015508
    },
    "NODE_0000003": {
      "branch_length": 0.00011650170802327432,
      "clock_length": 0.00011650170802327432,
      "date": "2014-01-29",
      "mutation_length": 0.00018580758873843994,
      "num_date_confidence": [
        1996.7286131411843,
        2015.9551453870781
      ],
      "numdate": 2014.0787891135237
    },
    "NODE_0000004": {
      "branch_length": 0.00017254025371215773,
      "clock_length": 0.00017254025371215773,
      "date": "2014-04-13",
      "mutation_length": 9.289664366326424e-05,
      "num_date_confidence": [
        1997.7153365656504,
        2015.9799547899981
      ],
      "numdate": 2014.2797646430167
    },
    "NODE_0000005": {
      "branch_length": 0.0003967550903432237,
      "clock_length": 0.0003967550903432237,
      "date": "2013-12-11",
      "mutation_length": 0.0005576729779928527,
      "num_date_confidence": [
        1995.8588887223168,
        2015.9178081217926
      ],
      "numdate": 2013.9430874905513
    },
    "NODE_0000006": {
      "branch_length": 0.001,
      "clock_length": 0.001,
      "date": "2013-06-25",
      "mutation_length": 0.001,
      "num_date_confidence": [
        1992.56670491085,
        2015.8799234270653
      ],
      "numdate": 2013.480945685116
    },
    "NODE_0000007": {
      "branch_length": 0.00025140420533127823,
      "clock_length": 0.00025140420533127823,
      "date": "2014-10-24",
      "mutation_length": 0.0001858012968183337,
      "num_date_confidence": [
        2005.7109000956582,
        2015.954505085239
      ],
      "numdate": 2014.8135177968165
    },
    "NODE_0000008": {
      "branch_length": 0.000532264104032963,
      "clock_length": 0.000532264104032963,
      "date": "2015-06-08",
      "mutation_length": 0.0005576718777259419,
      "num_date_confidence": [
        2010.4572554052966,
        2015.9911717969262
      ],
      "numdate": 2015.4335010055847
    },
    "PAN/CDC_259359_V1_V3/2015": {
      "branch_length": 0.0009868580271456063,
      "clock_length": 0.0009868580271456063,
      "date": "2015-12-18",
      "mutation_length": 0.0008366912343161033,
      "num_date_confidence": [
        2015.9630136986302,
        2015.9630136986302
      ],
      "numdate": 2015.9630136986302,
      "raw_date": "2015-12-18"
    },
    "PRVABC59": {
      "branch_length": 0.0014756696458256015,
      "clock_length": 0.0014756696458256015,
      "date": "2015-12-31",
      "mutation_length": 0.0020474849822296895,
      "num_date_confidence": [
        2015.92570054735,
        2015.9986301369863
      ],
      "numdate": 2015.9986301369863,
      "raw_date": "2015-12-XX"
    },
    "VEN/UF_1/2016": {
      "branch_length": 0.0006845559446544223,
      "clock_length": 0.0006845559446544223,
      "date": "2016-03-25",
      "mutation_length": 0.0007437050244972641,
      "num_date_confidence": [
        2016.23087431694,
        2016.23087431694
      ],
      "numdate": 2016.23087431694,
      "raw_date": "2016-03-25"
    },
    "ZKC2/2016": {
      "branch_length": 0.0017584594128766825,
      "clock_length": 0.0017584594128766825,
      "date": "2016-02-16",
      "mutation_length": 0.0032607944750651196,
      "num_date_confidence": [
        2016.127049180328,
        2016.127049180328
      ],
      "numdate": 2016.127049180328,
      "raw_date": "2016-02-16"
    }
  }
}