Map from character to field name
A:	North America
B:	Oceania
C:	South America
D:	?


Substitution rate (mu): 694.133044

Equilibrium frequencies (pi_i):
  A: 0.3024
  B: 0.2872
  C: 0.4104

Symmetrized rates from j->i (W_ij):
	A	B	C
  A	0	1.1074	2.2108
  B	1.1074	0	1.0983
  C	2.2108	1.0983	0

Actual rates from j->i (Q_ij):
	A	B	C
  A	0	0.3349	0.6686
  B	0.3181	0	0.3155
  C	0.9072	0.4507	0
